mode: set
thaBeat/internal/app/thaBeat/ride/parser/parser.go:9.46,15.25 4 1
thaBeat/internal/app/thaBeat/ride/parser/parser.go:40.2,47.14 3 1
thaBeat/internal/app/thaBeat/ride/parser/parser.go:15.25,20.17 2 1
thaBeat/internal/app/thaBeat/ride/parser/parser.go:25.3,25.45 1 1
thaBeat/internal/app/thaBeat/ride/parser/parser.go:36.3,37.50 2 1
thaBeat/internal/app/thaBeat/ride/parser/parser.go:20.17,22.12 2 1
thaBeat/internal/app/thaBeat/ride/parser/parser.go:25.45,35.4 3 1
thaBeat/internal/app/thaBeat/ride/parser/parser.go:50.58,52.19 1 1
thaBeat/internal/app/thaBeat/ride/parser/parser.go:56.2,61.54 5 1
thaBeat/internal/app/thaBeat/ride/parser/parser.go:65.2,69.8 1 1
thaBeat/internal/app/thaBeat/ride/parser/parser.go:52.19,54.3 1 1
thaBeat/internal/app/thaBeat/ride/parser/parser.go:61.54,63.3 1 0
thaBeat/csv/csv.go:12.52,15.16 2 1
thaBeat/csv/csv.go:19.2,20.16 2 1
thaBeat/csv/csv.go:24.2,26.16 3 1
thaBeat/csv/csv.go:29.2,29.18 1 1
thaBeat/csv/csv.go:15.16,17.3 1 0
thaBeat/csv/csv.go:20.16,22.3 1 1
thaBeat/csv/csv.go:26.16,28.3 1 1
thaBeat/csv/csv.go:33.55,35.16 2 1
thaBeat/csv/csv.go:39.2,41.16 3 1
thaBeat/csv/csv.go:45.2,46.16 2 1
thaBeat/csv/csv.go:50.2,52.25 2 1
thaBeat/csv/csv.go:59.2,61.12 3 1
thaBeat/csv/csv.go:35.16,37.3 1 0
thaBeat/csv/csv.go:41.16,43.3 1 1
thaBeat/csv/csv.go:46.16,48.3 1 1
thaBeat/csv/csv.go:52.25,54.17 2 1
thaBeat/csv/csv.go:54.17,56.4 1 0
thaBeat/internal/app/thaBeat/haversine/haversine.go:19.41,24.2 1 1
thaBeat/internal/app/thaBeat/haversine/haversine.go:26.34,31.2 1 1
thaBeat/internal/app/thaBeat/haversine/haversine.go:33.48,35.2 1 1
thaBeat/internal/app/thaBeat/haversine/haversine.go:37.47,47.2 6 1
thaBeat/internal/app/thaBeat/ride/farecalculation/farecalculation.go:26.46,29.42 2 1
thaBeat/internal/app/thaBeat/ride/farecalculation/farecalculation.go:68.2,72.3 2 1
thaBeat/internal/app/thaBeat/ride/farecalculation/farecalculation.go:29.42,30.45 1 1
thaBeat/internal/app/thaBeat/ride/farecalculation/farecalculation.go:30.45,46.24 8 1
thaBeat/internal/app/thaBeat/ride/farecalculation/farecalculation.go:53.4,53.25 1 1
thaBeat/internal/app/thaBeat/ride/farecalculation/farecalculation.go:59.4,59.39 1 1
thaBeat/internal/app/thaBeat/ride/farecalculation/farecalculation.go:64.4,64.9 1 1
thaBeat/internal/app/thaBeat/ride/farecalculation/farecalculation.go:46.24,49.13 2 1
thaBeat/internal/app/thaBeat/ride/farecalculation/farecalculation.go:53.25,55.10 2 1
thaBeat/internal/app/thaBeat/ride/farecalculation/farecalculation.go:59.39,61.5 1 1
thaBeat/internal/app/thaBeat/ride/farecalculation/farecalculation.go:61.10,63.5 1 1
thaBeat/internal/app/thaBeat/ride/farecalculation/farecalculation.go:77.38,80.28 3 1
thaBeat/internal/app/thaBeat/ride/farecalculation/farecalculation.go:83.2,83.14 1 1
thaBeat/internal/app/thaBeat/ride/farecalculation/farecalculation.go:80.28,82.3 1 1
